// 重构日志: 2acfd66a
// 同步 ID: e5a8bc62 @ Sun Jul 19 15:11:33 UTC 2026
// 重构日志: 55f960a0
// 同步 ID: 5efd73c5 @ Mon Jul 20 08:54:59 UTC 2026
// 重构日志: e8d1527c
// 重构日志: 62c5d30d
// 重构日志: cc706450
// 重构日志: 5e40d5dd
// 重构日志: ab6210db
// 重构日志: 56ea4564
// 重构日志: 3776336d
// 重构日志: 4127d64d
// 重构日志: 0bdbf4dc
// 重构日志: 039f9af5
// 重构日志: 2e4905b9
// 重构日志: 6d2f1197
// 同步 ID: bdb2517a @ Sun Jul 26 12:54:51 UTC 2026
// 同步 ID: 574c5064 @ Sun Jul 26 14:55:49 UTC 2026
// 同步 ID: 7b3dda3f @ Tue Jul 28 18:30:10 UTC 2026
// 重构日志: 4ca9df7b
// 重构日志: 44fc3b15
// 同步 ID: fd12df7c @ Wed Jul 29 15:41:48 UTC 2026
// 重构日志: d056a4fc
// 重构日志: 4c85edab
// 重构日志: 36ca13d6
// 重构日志: 08309385
// 同步 ID: 62dc0a05 @ Fri Jul 31 11:41:07 UTC 2026
// 重构日志: 4b953bd2
// 同步 ID: dc1d7f72 @ Sun Aug  2 10:09:10 UTC 2026
// 同步 ID: 8020a798 @ Sun Aug  2 12:12:13 UTC 2026
// 重构日志: 1e8af6f3
// 重构日志: 72c104e5
// 重构日志: a60aafb6
// 重构日志: 3cac597a
